gpu_slot[capture/traversal]: acquire slot=0 waited_s=3648.9 phase=lock
gpu_slot[capture/traversal]: run child_pid=88569 max_hold_s=2400.0 cmd=/Users/midir/sm2-n1/_scratch/traversal/r24/holdC.sh
== holdC acquired 10:48:21
WH_QUIT t=15.60
== build 4 a_swing_chain vs round-24 capture: DIFF 10.044 935 | vs round 23: DIFF 226.286 935
WH_QUIT t=6.00
== build 4 m1_mouse_swing vs round-24 capture: DIFF 7.966 359 | vs round 23: DIFF 48.993 359
WH_QUIT t=5.00
== build 4 x2_rmb_cancel_wall vs round-24 capture: DIFF 12.212 299 | vs round 23: SAME 0.000 299
WH_QUIT t=9.50
== build 4 r1_roofrun_zip vs round-24 capture: DIFF 7.088 569 | vs round 23: SAME 0.000 569
WH_QUIT t=6.00
== build 4 s1_high_swing vs round-24 capture: DIFF 50.366 359 | vs round 23: SAME 0.000 359
WH_QUIT t=7.00
== build 4 w2_wallrun_side_zip vs round-24 capture: SAME 0.000 419 | vs round 23: SAME 0.000 419
WH_QUIT t=7.50
== build 4 w1_wallrun_tall_zip vs round-24 capture: SAME 0.000 449 | vs round 23: SAME 0.000 449
WH_QUIT t=10.50
== build 4 c_wallrun_perch vs round-24 capture: DIFF 8.818 629 | vs round 23: DIFF 7.736 629
== T7 / T3 / T1 / T2 / T4 on a_swing_chain (935 rows, 15.57 s)
     1.67  16.9  32.9  33.0  27.7  23.9   8.3   4.58  24.6  -1.5   21 0.000  release      OK
     4.90  10.7  34.6  35.5  33.8  25.7   7.6   8.02  27.0  -3.0   26 0.000  release      OK
     8.03   7.8  34.7  38.0  24.2  37.8   9.9  11.58  24.8  -0.5   27 0.000  backDouble   OK
  T7 4 s windows from the first release 1.67 s to 15.57 s: 99/100 hold a qualifying release; failing window starts 8.1..8.1 (1) -> FAIL
  T3 web_on 42.1 % of the clip, 43.2 % from the first attach (0.40 s) (25-45) -> PASS
  T1 rope held per swing (s): [1.27, 1.38, 1.03, 1.57, 1.32] (0.5-1.6) -> PASS
  T2 attaches per 8 s window: [3, 2, 2, 2, 2, 2, 3, 3, 2, 2, 2, 2, 2, 3, 3, 2] (2-4) -> PASS
  T4 -> PASS
== CAM hard gate (critic r23 secondary 1)
  c_wallrun_perch 7.7-8.5 s (49 rows): hero_in_frame 43/49, hero_occl max -1.000, cam-hero min 2.81 m, yaw -88.1 -> -41.7 (turn -), max backtrack 51.2 deg, crane max 1.23 m -> FAIL [geometry part (frame, distance, reversal): GEOM_FAIL]
  c zip 8.5000 -> perch 8.9167 (last perch/perchIdle)
    a) foot_sep_run crossings 22 in 1.80 s = 12.2/s (>= 4) -> PASS
    b) bbox_w 0.111-0.150; 0.4 s windows with >= 25 % change 85/85, worst 26 % -> PASS
    c) 12 fps frames from 1.20 s, 3D ankle sep >= .30 m: 10/10 [1.20:0.41 1.28:0.48 1.37:0.41 1.45:0.47 1.53:0.41 1.62:0.47 1.70:0.42 1.78:0.46 1.87:0.44 1.95:0.46] -> PASS (proxy; see the sheet)
    a) foot_sep_run crossings 18 in 1.50 s = 12.0/s (>= 4) -> PASS
    b) bbox_w 0.109-0.291; 0.4 s windows with >= 25 % change 67/67, worst 26 % -> PASS
    c) 12 fps frames from 2.85 s, 3D ankle sep >= .30 m: 10/10 [2.85:0.48 2.93:0.42 3.02:0.50 3.10:0.41 3.18:0.50 3.27:0.41 3.35:0.50 3.43:0.42 3.52:0.50 3.60:0.42] -> PASS (proxy; see the sheet)
         touchdowns alternate, gaps <= .18 s; torso 5-20 deg off wall-up; hips <= .45 m off the face
  w2_wallrun_side_zip: recoveries 11, toe >= .25 & knee .35-.50 at the peak 10/11 [1.00r:0.57/0.59 1.17l:0.31/0.41 1.33r:0.30/0.41 1.50l:0.30/0.41 1.65r:0.30/0.41 1.82l:0.30/0.41 1.97r:0.30/0.41 2.13l:0.30/0.41 2.28r:0.30/0.41 2.45l:0.30/0.41 2.60r:0.30/0.41]
    torso off wall-up 0.5-10.7 deg, med 7.0; 5-20 deg 94 %
  c_wallrun_perch: recoveries 13, toe >= .25 & knee .35-.50 at the peak 9/13 [2.65r:0.38/0.41 2.75l:0.32/0.41 2.92r:0.30/0.41 3.08l:0.30/0.41 3.25r:0.30/0.41 3.32r:0.10/0.03 3.37l:0.51/0.40 3.62r:0.52/0.44 3.63l:0.20/0.19 3.68l:0.10/0.15 3.77l:0.23/0.38 3.92r:0.29/0.41 4.08l:0.30/0.41]
    torso off wall-up 2.8-83.3 deg, med 12.3; 5-20 deg 65 %
== T22  c camera pitch on the vertical window: 6.9..29.3 deg (steady after the blend-in 6.9..29.3); 20-65 up 55 % of rows
== Z23  w2 zip: fire 4.00 s (nearFar2), perch 5.70 s at z 96.2 -> 1.70 s PASS
V23 overall (a, b, c proxy on both windows): PASS
== capture list: c_wallrun_perch a_swing_chain m1_mouse_swing x2_rmb_cancel_wall r1_roofrun_zip s1_high_swing
== capture c_wallrun_perch at 102 s
movie: /Users/midir/sm2-n1/_scratch/traversal/capture/c_wallrun_perch/c_wallrun_perch.mp4
frames 679, telemetry rows 629 -> trimming the first 50 frames
movie: /Users/midir/sm2-n1/traversal/docs/night1/traversal/round-24/c_wallrun_perch.mp4 13287678 bytes, 10.483333s
== capture a_swing_chain at 302 s
movie: /Users/midir/sm2-n1/_scratch/traversal/capture/a_swing_chain/a_swing_chain.mp4
frames 985, telemetry rows 935 -> trimming the first 50 frames
movie: /Users/midir/sm2-n1/traversal/docs/night1/traversal/round-24/a_swing_chain.mp4 13404395 bytes, 15.583333s
== capture m1_mouse_swing at 590 s
movie: /Users/midir/sm2-n1/_scratch/traversal/capture/m1_mouse_swing/m1_mouse_swing.mp4
frames 409, telemetry rows 359 -> trimming the first 50 frames
movie: /Users/midir/sm2-n1/traversal/docs/night1/traversal/round-24/m1_mouse_swing.mp4 13559370 bytes, 5.983333s
== capture x2_rmb_cancel_wall at 721 s
movie: /Users/midir/sm2-n1/_scratch/traversal/capture/x2_rmb_cancel_wall/x2_rmb_cancel_wall.mp4
frames 349, telemetry rows 299 -> trimming the first 50 frames
movie: /Users/midir/sm2-n1/traversal/docs/night1/traversal/round-24/x2_rmb_cancel_wall.mp4 11499513 bytes, 4.983333s
== capture r1_roofrun_zip at 830 s
movie: /Users/midir/sm2-n1/_scratch/traversal/capture/r1_roofrun_zip/r1_roofrun_zip.mp4
frames 619, telemetry rows 569 -> trimming the first 50 frames
movie: /Users/midir/sm2-n1/traversal/docs/night1/traversal/round-24/r1_roofrun_zip.mp4 12691461 bytes, 9.483333s
== capture s1_high_swing at 1009 s
movie: /Users/midir/sm2-n1/_scratch/traversal/capture/s1_high_swing/s1_high_swing.mp4
frames 409, telemetry rows 359 -> trimming the first 50 frames
movie: /Users/midir/sm2-n1/traversal/docs/night1/traversal/round-24/s1_high_swing.mp4 11169899 bytes, 5.983008s
== hold C done 11:07:24, left: 
gpu_slot[capture/traversal]: release exit=0 hold_s=1143.04 wait_s=3648.92 util_before=0 util_after=0 instances_before=0 instances_max=1 contaminated=true reasons=no-exclusive-lock
