gpu_slot[capture/traversal]: acquire slot=3 waited_s=1695.4 phase=lock
gpu_slot[capture/traversal]: run child_pid=56326 max_hold_s=2400.0 cmd=/Users/midir/sm2-n1/_scratch/traversal/r24/holdG.sh
== holdG acquired 13:52:36
WH_QUIT t=10.50
== build 8 c_wallrun_perch vs round-24 capture: DIFF 0.933 629 | vs round 23: DIFF 7.736 629
WH_QUIT t=5.00
== build 8 x2_rmb_cancel_wall vs round-24 capture: SAME 0.000 299 | vs round 23: SAME 0.000 299
WH_QUIT t=9.50
== build 8 r1_roofrun_zip vs round-24 capture: SAME 0.000 569 | vs round 23: SAME 0.000 569
WH_QUIT t=7.00
== build 8 w2_wallrun_side_zip vs round-24 capture: SAME 0.000 419 | vs round 23: SAME 0.000 419
WH_QUIT t=7.50
== build 8 w1_wallrun_tall_zip vs round-24 capture: SAME 0.000 449 | vs round 23: SAME 0.000 449
WH_QUIT t=15.60
== build 8 a_swing_chain vs round-24 capture: SAME 0.000 935 | vs round 23: DIFF 224.328 935
== T7 / T3 / T1 / T2 / T4 on a_swing_chain (935 rows, 15.57 s)
     1.67  16.9  32.9  33.0  27.7  23.9   8.3   4.58  24.6  -1.5   21 0.000  release      OK
     4.90  10.7  34.6  35.5  33.8  25.7   7.6   8.02  27.0  -3.0   26 0.000  release      OK
     8.03   7.8  31.5  33.0  22.0  37.8   9.9  11.42  21.6  -0.5   27 0.000  backDouble   OK
  T7 4 s windows from the first release 1.67 s to 15.57 s: 100/100 hold a qualifying release -> PASS
  T3 web_on 41.5 % of the clip, 42.6 % from the first attach (0.40 s) (25-45) -> PASS
  T1 rope held per swing (s): [1.27, 1.38, 1.03, 1.47, 1.32] (0.5-1.6) -> PASS
  T2 attaches per 8 s window: [3, 2, 2, 2, 2, 2, 3, 3, 2, 2, 2, 2, 3, 3, 3, 2] (2-4) -> PASS
  T4 -> PASS
== CAM hard gate (critic r23 secondary 1)
  c_wallrun_perch 7.7-8.5 s (49 rows): hero_in_frame 49/49, hero_occl max -1.000, cam-hero min 3.83 m, yaw -83.9 -> -83.9 (turn -), max backtrack 0.0 deg, crane max 1.23 m -> PASS [geometry part (frame, distance, reversal): GEOM_OK]
  c zip 8.5000 -> perch 8.9167 (last perch/perchIdle)
    a) foot_sep_run crossings 22 in 1.80 s = 12.2/s (>= 4) -> PASS
    b) bbox_w 0.111-0.150; 0.4 s windows with >= 25 % change 85/85, worst 26 % -> PASS
    c) 12 fps frames from 1.20 s, 3D ankle sep >= .30 m: 10/10 [1.20:0.41 1.28:0.48 1.37:0.41 1.45:0.47 1.53:0.41 1.62:0.47 1.70:0.42 1.78:0.46 1.87:0.44 1.95:0.46] -> PASS (proxy; see the sheet)
    a) foot_sep_run crossings 18 in 1.50 s = 12.0/s (>= 4) -> PASS
    b) bbox_w 0.109-0.291; 0.4 s windows with >= 25 % change 67/67, worst 26 % -> PASS
    c) 12 fps frames from 2.85 s, 3D ankle sep >= .30 m: 10/10 [2.85:0.48 2.93:0.42 3.02:0.50 3.10:0.41 3.18:0.50 3.27:0.41 3.35:0.50 3.43:0.42 3.52:0.50 3.60:0.42] -> PASS (proxy; see the sheet)
         touchdowns alternate, gaps <= .18 s; torso 5-20 deg off wall-up; hips <= .45 m off the face
  w2_wallrun_side_zip: recoveries 11, toe >= .25 & knee .35-.50 at the peak 10/11 [1.00r:0.57/0.59 1.17l:0.31/0.41 1.33r:0.30/0.41 1.50l:0.30/0.41 1.65r:0.30/0.41 1.82l:0.30/0.41 1.97r:0.30/0.41 2.13l:0.30/0.41 2.28r:0.30/0.41 2.45l:0.30/0.41 2.60r:0.30/0.41]
    torso off wall-up 0.5-10.7 deg, med 7.0; 5-20 deg 94 %
  c_wallrun_perch: recoveries 13, toe >= .25 & knee .35-.50 at the peak 9/13 [2.65r:0.38/0.41 2.75l:0.32/0.41 2.92r:0.30/0.41 3.08l:0.30/0.41 3.25r:0.30/0.41 3.32r:0.10/0.03 3.37l:0.51/0.40 3.62r:0.52/0.44 3.63l:0.20/0.19 3.68l:0.10/0.15 3.77l:0.23/0.38 3.92r:0.29/0.41 4.08l:0.30/0.41]
    torso off wall-up 2.8-83.3 deg, med 12.3; 5-20 deg 65 %
== T22  c camera pitch on the vertical window: 6.9..29.3 deg (steady after the blend-in 6.9..29.3); 20-65 up 55 % of rows
== Z23  w2 zip: fire 4.00 s (nearFar2), perch 5.70 s at z 96.2 -> 1.70 s PASS
V23 overall (a, b, c proxy on both windows): PASS
== c_wallrun_perch on foot / perched rows 276: hero out of frame 9 ['9.8500', '9.8667', '9.8833']['9.9667', '9.9833']
== w1_wallrun_tall_zip on foot / perched rows 125: hero out of frame 0 []
== w2_wallrun_side_zip on foot / perched rows 77: hero out of frame 0 []
== r1_roofrun_zip on foot / perched rows 184: hero out of frame 0 []
== capture list: c_wallrun_perch
== capture c_wallrun_perch at 422 s
movie: /Users/midir/sm2-n1/_scratch/traversal/capture/c_wallrun_perch/c_wallrun_perch.mp4
frames 679, telemetry rows 629 -> trimming the first 50 frames
movie: /Users/midir/sm2-n1/traversal/docs/night1/traversal/round-24/c_wallrun_perch.mp4 13286085 bytes, 10.483333s
== hold G done 14:18:39, left: 
gpu_slot[capture/traversal]: release exit=0 hold_s=1563.77 wait_s=1695.4 util_before=24 util_after=55 instances_before=3 instances_max=4 contaminated=true reasons=no-exclusive-lock
