total 17608
drwxr-xr-x@ 38 midir  staff     1216 Sep 30 20:49 .
drwxr-xr-x@  4 midir  staff      128 Sep 30 20:48 ..
-rw-r--r--@  1 midir  staff        0 Sep 30 20:48 analyze_r5.log
-rw-r--r--@  1 midir  staff     3529 Sep 30 20:48 contact_check.json
-rw-r--r--@  1 midir  staff     1324 Sep 30 20:48 contact_check.txt
-rw-r--r--@  1 midir  staff      332 Sep 30 20:49 count_videos.txt
-rw-r--r--@  1 midir  staff        0 Sep 30 20:48 cracks_stills.txt
-rw-r--r--@  1 midir  staff    13279 Sep 30 19:23 fbx_lift_citizens.json
-rw-r--r--@  1 midir  staff   672015 Sep 30 20:48 fight_bones_final.csv.gz
-rw-r--r--@  1 midir  staff     8794 Sep 30 20:48 fight_check_street_fight_34.json
-rw-r--r--@  1 midir  staff     1100 Sep 30 20:48 fight_check_street_fight_34.txt
-rw-r--r--@  1 midir  staff     5112 Sep 30 20:48 fight_check_street_fight_orbit.json
-rw-r--r--@  1 midir  staff     1107 Sep 30 20:48 fight_check_street_fight_orbit.txt
-rw-r--r--@  1 midir  staff     8561 Sep 30 20:48 fight_check_street_fight_wide.json
-rw-r--r--@  1 midir  staff      973 Sep 30 20:48 fight_check_street_fight_wide.txt
-rw-r--r--@  1 midir  staff     1725 Sep 30 20:49 gait_phase.json
-rw-r--r--@  1 midir  staff      412 Sep 30 20:21 gF1_perf.json
-rw-r--r--@  1 midir  staff     3527 Sep 30 19:37 script_contact_check.json
-rw-r--r--@  1 midir  staff     5097 Sep 30 19:37 script_expected_check.json
-rw-r--r--@  1 midir  staff      894 Sep 30 19:36 tee_seethrough_cpu_before_after.json
-rw-r--r--@  1 midir  staff      354 Sep 30 20:48 tee_seethrough_r8.json
-rw-r--r--@  1 midir  staff  3730028 Sep 30 20:48 tee_seethrough_r8.png
-rw-r--r--@  1 midir  staff      359 Sep 30 20:48 tee_seethrough_r9.json
-rw-r--r--@  1 midir  staff  3743154 Sep 30 20:48 tee_seethrough_r9.png
-rw-r--r--@  1 midir  staff      342 Sep 30 20:48 thug_wedge_r8.json
-rw-r--r--@  1 midir  staff   350589 Sep 30 20:48 thug_wedge_r8.png
-rw-r--r--@  1 midir  staff      804 Sep 30 20:48 thug_wedge_r9.json
-rw-r--r--@  1 midir  staff   353318 Sep 30 20:48 thug_wedge_r9.png
-rw-r--r--@  1 midir  staff      822 Sep 30 19:24 video_activity_r08_street_fight_34.json
-rw-r--r--@  1 midir  staff      807 Sep 30 20:48 video_activity_street_fight_34.json
-rw-r--r--@  1 midir  staff      209 Sep 30 20:48 video_activity_street_fight_34.txt
-rw-r--r--@  1 midir  staff      814 Sep 30 20:48 video_activity_street_fight_orbit.json
-rw-r--r--@  1 midir  staff      209 Sep 30 20:48 video_activity_street_fight_orbit.txt
-rw-r--r--@  1 midir  staff      813 Sep 30 20:48 video_activity_street_fight_wide.json
-rw-r--r--@  1 midir  staff      209 Sep 30 20:48 video_activity_street_fight_wide.txt
-rw-r--r--@  1 midir  staff      282 Sep 30 20:49 yolo_street_fight_34_4k.json
-rw-r--r--@  1 midir  staff      285 Sep 30 20:49 yolo_street_fight_orbit_4k.json
-rw-r--r--@  1 midir  staff      284 Sep 30 20:49 yolo_street_fight_wide_4k.json
