[build_characters    15s] M_Char_Suit weave from pre-skinned position: connections [True, True, True, True, True, True, True, True, True, True, True]
[build_characters    44s] skins: rim plum hood luma 0.098 silver
[build_characters    44s] skins: rim verdant hood luma 0.252 graphite
[build_characters    45s] skins: rim cinder hood luma 0.116 silver
[build_characters    45s] skins: rim glacier hood luma 0.670 graphite
[build_characters    46s] skins: rim ash hood luma 0.229 graphite
[build_characters    47s] skins: rim saffron hood luma 0.217 graphite
[build_characters    47s] skins: rim sage hood luma 0.555 graphite
[r13 03:20:54 +0s] build: clean,tex,mat,mesh,citizens,rename,fightclips,abp,map,maps5,skins,skinsmap
[r13 03:20:54 +0s] steps: build stills lineup pawn orbit hero chase fight crowd, EV 10.0
[r13 03:21:57 +63s] stills: 4K, internal 3840x2160, EV 10.0
[r13 03:25:23 +269s] Char_Lineup shot 5 (7 enemies) 4K still
[r13 03:25:41 +287s] Char_Lineup shot 6 (3/4) 4K still
[r13 03:25:59 +305s] pawn swap movie
[r13 03:28:51 +477s] orbit movie
[r13 03:31:59 +665s] Char_Hero shots 1-3 movie
[r13 03:36:38 +944s] Char_Hero shots 6-7 movie
[r13 03:39:48 +1134s] Char_Fight wide movie
[r13 03:42:13 +1279s] Char_Crowd tracking movie
[r13 03:44:26 +1412s] chain done (hold used 1412 s), crashes 0
build_fight exit=0
