gpu_slot[capture/traversal]: gpu-unhealthy-wait reason=orchestrator pause: 05:22 auto-pause by health_monitor: WindowServer starved (gpu 100% ws_cpu 2)
gpu_slot[capture/traversal]: gpu-unhealthy-wait reason=orchestrator pause: 05:22 auto-pause by health_monitor: WindowServer starved (gpu 100% ws_cpu 2)
gpu_slot[capture/traversal]: gpu-unhealthy-wait reason=orchestrator pause: 05:22 auto-pause by health_monitor: WindowServer starved (gpu 100% ws_cpu 2)
gpu_slot[capture/traversal]: gpu-unhealthy-wait reason=orchestrator pause: 05:22 auto-pause by health_monitor: WindowServer starved (gpu 100% ws_cpu 2)
gpu_slot[capture/traversal]: gpu-unhealthy-wait reason=orchestrator pause: 05:22 auto-pause by health_monitor: WindowServer starved (gpu 100% ws_cpu 2)
gpu_slot[capture/traversal]: gpu-unhealthy-wait reason=orchestrator pause: 05:22 auto-pause by health_monitor: WindowServer starved (gpu 100% ws_cpu 2)
gpu_slot[capture/traversal]: gpu-unhealthy-wait reason=orchestrator pause: 05:22 auto-pause by health_monitor: WindowServer starved (gpu 100% ws_cpu 2)
gpu_slot[capture/traversal]: gpu-unhealthy-wait reason=orchestrator pause: 05:22 auto-pause by health_monitor: WindowServer starved (gpu 100% ws_cpu 2)
gpu_slot[capture/traversal]: gpu-unhealthy-wait reason=orchestrator pause: 05:22 auto-pause by health_monitor: WindowServer starved (gpu 100% ws_cpu 2)
gpu_slot[capture/traversal]: gpu-unhealthy-wait reason=orchestrator pause: 05:22 auto-pause by health_monitor: WindowServer starved (gpu 100% ws_cpu 2)
gpu_slot[capture/traversal]: gpu-unhealthy-wait reason=orchestrator pause: 05:22 auto-pause by health_monitor: WindowServer starved (gpu 100% ws_cpu 2)
gpu_slot[capture/traversal]: gpu-unhealthy-wait reason=UnrealEditor pid 78895 stuck exiting (stat ?NE)
gpu_slot[capture/traversal]: acquire slot=1 waited_s=2463.2 phase=lock
gpu_slot[capture/traversal]: run child_pid=89226 max_hold_s=2400.0 cmd=/Users/midir/sm2-n1/_scratch/traversal/r23/hold2.sh
== hold2 acquired 05:51:11
== probes 05:51:11
WH_QUIT t=7.60
WH_QUIT t=10.50
== V23  r22 critic tests on the vertical run (verbatim), both windows
  w2_wallrun_side_zip 1.00-2.80 s (109 rows; wall/wallRun)
    a) foot_sep_run crossings 22 in 1.80 s = 12.2/s (>= 4) -> PASS
    b) bbox_w 0.111-0.150; 0.4 s windows with >= 25 % change 85/85, worst 26 % -> PASS
    c) 12 fps frames from 1.20 s, 3D ankle sep >= .30 m: 10/10 [1.20:0.41 1.28:0.48 1.37:0.41 1.45:0.47 1.53:0.41 1.62:0.47 1.70:0.42 1.78:0.46 1.87:0.44 1.95:0.46] -> PASS (proxy; see the sheet)
  c_wallrun_perch 2.65-4.15 s (91 rows; wall/wallRun)
    a) foot_sep_run crossings 18 in 1.50 s = 12.0/s (>= 4) -> PASS
    b) bbox_w 0.109-0.291; 0.4 s windows with >= 25 % change 67/67, worst 26 % -> PASS
    c) 12 fps frames from 2.85 s, 3D ankle sep >= .30 m: 10/10 [2.85:0.48 2.93:0.42 3.02:0.50 3.10:0.41 3.18:0.50 3.27:0.41 3.35:0.50 3.43:0.42 3.52:0.50 3.60:0.42] -> PASS (proxy; see the sheet)

== X23  excursion (director r23): recovery toe >= .25 m off the face with the knee .35-.50 m at that peak; stance on the face;
         touchdowns alternate, gaps <= .18 s; torso 5-20 deg off wall-up; hips <= .45 m off the face
  w2_wallrun_side_zip: recoveries 11, toe >= .25 & knee .35-.50 at the peak 10/11 [1.00r:0.57/0.59 1.17l:0.31/0.41 1.33r:0.30/0.41 1.50l:0.30/0.41 1.65r:0.30/0.41 1.82l:0.30/0.41 1.97r:0.30/0.41 2.13l:0.30/0.41 2.28r:0.30/0.41 2.45l:0.30/0.41 2.60r:0.30/0.41]
    touchdowns 11, alternating 10/10, gap med 0.167 max 0.167 s (<= .18: 10/10)
    torso off wall-up 0.5-10.7 deg, med 7.0; 5-20 deg 94 %
    hips off the face 0.34-0.42 m; <= .45 m 100 %
  c_wallrun_perch: recoveries 13, toe >= .25 & knee .35-.50 at the peak 9/13 [2.65r:0.38/0.41 2.75l:0.32/0.41 2.92r:0.30/0.41 3.08l:0.30/0.41 3.25r:0.30/0.41 3.32r:0.10/0.03 3.37l:0.51/0.40 3.62r:0.52/0.44 3.63l:0.20/0.19 3.68l:0.10/0.15 3.77l:0.23/0.38 3.92r:0.29/0.41 4.08l:0.30/0.41]
    touchdowns 13, alternating 9/12, gap med 0.150 max 0.167 s (<= .18: 12/12)
    torso off wall-up 2.8-83.3 deg, med 12.3; 5-20 deg 65 %
    hips off the face 0.33-0.43 m; <= .45 m 100 %

== T22  c camera pitch on the vertical window: 6.9..29.3 deg (steady after the blend-in 6.9..29.3); 20-65 up 55 % of rows

== Z23  w2 zip: fire 4.00 s (nearFar2), perch 5.70 s at z 96.2 -> 1.70 s PASS

V23 overall (a, b, c proxy on both windows): PASS
CPERCH zip 8.5000 (nearest) perch 8.9000 last perch/perchIdle z 48.950
WH_QUIT t=7.50
WH_QUIT t=7.50
t1_c: lit wall rows 154 z 50.1-85.9; zip 3.60 -> perch 4.85
t1_d: lit wall rows 159 z 52.8-89.9; zip 3.60 -> perch 5.05
PICK_T1 t1_d
== probe verdict PASS=1 at 57 s
w1 script <- t1_d
== capture c_wallrun_perch at 57 s (GPU "Device Utilization %"=53)
movie: /Users/midir/sm2-n1/_scratch/traversal/capture/c_wallrun_perch/c_wallrun_perch.mp4
frames 679, telemetry rows 629 -> trimming the first 50 frames
movie: /Users/midir/sm2-n1/traversal/docs/night1/traversal/round-23/c_wallrun_perch.mp4 13242366 bytes, 10.483333s
== capture w2_wallrun_side_zip at 261 s (GPU "Device Utilization %"=0)
movie: /Users/midir/sm2-n1/_scratch/traversal/capture/w2_wallrun_side_zip/w2_wallrun_side_zip.mp4
frames 469, telemetry rows 419 -> trimming the first 50 frames
movie: /Users/midir/sm2-n1/traversal/docs/night1/traversal/round-23/w2_wallrun_side_zip.mp4 12818716 bytes, 6.983333s
== capture w1_wallrun_tall_zip at 403 s (GPU "Device Utilization %"=0)
movie: /Users/midir/sm2-n1/_scratch/traversal/capture/w1_wallrun_tall_zip/w1_wallrun_tall_zip.mp4
frames 499, telemetry rows 449 -> trimming the first 50 frames
movie: /Users/midir/sm2-n1/traversal/docs/night1/traversal/round-23/w1_wallrun_tall_zip.mp4 12306273 bytes, 7.483333s
== capture x2_rmb_cancel_wall at 558 s (GPU "Device Utilization %"=0)
movie: /Users/midir/sm2-n1/_scratch/traversal/capture/x2_rmb_cancel_wall/x2_rmb_cancel_wall.mp4
frames 349, telemetry rows 299 -> trimming the first 50 frames
movie: /Users/midir/sm2-n1/traversal/docs/night1/traversal/round-23/x2_rmb_cancel_wall.mp4 11488280 bytes, 4.983333s
== capture a_swing_chain at 668 s (GPU "Device Utilization %"=0)
movie: /Users/midir/sm2-n1/_scratch/traversal/capture/a_swing_chain/a_swing_chain.mp4
frames 985, telemetry rows 935 -> trimming the first 50 frames
movie: /Users/midir/sm2-n1/traversal/docs/night1/traversal/round-23/a_swing_chain.mp4 13698190 bytes, 15.583008s
== capture f1_flow_backDouble at 957 s (GPU "Device Utilization %"=0)
movie: /Users/midir/sm2-n1/_scratch/traversal/capture/f1_flow_backDouble/f1_flow_backDouble.mp4
frames 589, telemetry rows 539 -> trimming the first 50 frames
movie: /Users/midir/sm2-n1/traversal/docs/night1/traversal/round-23/f1_flow_backDouble.mp4 14050353 bytes, 8.983333s
== capture f4_chain_flips at 1142 s (GPU "Device Utilization %"=0)
movie: /Users/midir/sm2-n1/_scratch/traversal/capture/f4_chain_flips/f4_chain_flips.mp4
frames 847, telemetry rows 797 -> trimming the first 50 frames
movie: /Users/midir/sm2-n1/traversal/docs/night1/traversal/round-23/f4_chain_flips.mp4 13971546 bytes, 13.283008s
== capture x1_rmb_cancel_flip at 1397 s (GPU "Device Utilization %"=0)
movie: /Users/midir/sm2-n1/_scratch/traversal/capture/x1_rmb_cancel_flip/x1_rmb_cancel_flip.mp4
frames 289, telemetry rows 239 -> trimming the first 50 frames
movie: /Users/midir/sm2-n1/traversal/docs/night1/traversal/round-23/x1_rmb_cancel_flip.mp4 11924332 bytes, 3.983333s
== capture m1_mouse_swing at 1496 s (GPU "Device Utilization %"=0)
movie: /Users/midir/sm2-n1/_scratch/traversal/capture/m1_mouse_swing/m1_mouse_swing.mp4
frames 409, telemetry rows 359 -> trimming the first 50 frames
movie: /Users/midir/sm2-n1/traversal/docs/night1/traversal/round-23/m1_mouse_swing.mp4 13428820 bytes, 5.983333s
== capture s1_high_swing at 1628 s (GPU "Device Utilization %"=0)
movie: /Users/midir/sm2-n1/_scratch/traversal/capture/s1_high_swing/s1_high_swing.mp4
frames 409, telemetry rows 359 -> trimming the first 50 frames
movie: /Users/midir/sm2-n1/traversal/docs/night1/traversal/round-23/s1_high_swing.mp4 11181818 bytes, 5.983008s
== capture r1_roofrun_zip at 1761 s (GPU "Device Utilization %"=0)
movie: /Users/midir/sm2-n1/_scratch/traversal/capture/r1_roofrun_zip/r1_roofrun_zip.mp4
frames 619, telemetry rows 569 -> trimming the first 50 frames
movie: /Users/midir/sm2-n1/traversal/docs/night1/traversal/round-23/r1_roofrun_zip.mp4 12732682 bytes, 9.483333s
== hold 2 done 06:23:31, left: 
gpu_slot[capture/traversal]: release exit=0 hold_s=1940.43 wait_s=2463.2 util_before=0 util_after=0 instances_before=2 instances_max=3 contaminated=true reasons=no-exclusive-lock
