[build_characters    15s] M_Char_Suit weave from pre-skinned position: connections [True, True, True, True, True, True, True, True, True, True, True]
[build_characters    64s] skins: rim verdant hood luma 0.252 silver
[build_characters    76s] skins: rim plum hood luma 0.180 silver
[build_characters    89s] skins: rim cinder hood luma 0.253 silver
[build_characters   100s] skins: rim glacier hood luma 0.670 graphite
[build_characters   117s] skins: rim ash hood luma 0.319 silver
[build_characters   125s] skins: rim saffron hood luma 0.217 silver
[build_characters   143s] skins: rim sage hood luma 0.555 graphite
[r15 09:06:44 +0s] build: clean,tex,mat,mesh,citizens,rename,fightclips,abp,map,maps5,skins,skinsmap
[r15 09:06:44 +0s] steps: build stills lineup pawn orbit hero chase fight crowd, EV 10.0
[r15 09:10:34 +230s] stills: 4K, internal 3840x2160, EV 10.0
[r15 09:14:32 +468s] Char_Lineup shot 5 (7 enemies) 4K still
[r15 09:14:52 +488s] Char_Lineup shot 6 (3/4) 4K still
[r15 09:15:10 +506s] pawn swap movie
[r15 09:18:04 +680s] orbit movie
[r15 09:21:13 +869s] Char_Hero shots 1-3 movie
[r15 09:25:48 +1144s] Char_Hero shots 6-7 movie
[r15 09:28:56 +1332s] Char_Fight wide movie
[r15 09:31:21 +1477s] Char_Crowd tracking movie
[r15 09:33:36 +1612s] chain done (hold used 1612 s), crashes 0
build_fight exit=0
