{
 "contacts": 43,
 "hero_blows": 34,
 "flare_measured": 43,
 "has_noflare": true,
 "streaks_4_8": 12,
 "streaks_4_8_median": 16,
 "len_ge_8pct": 18,
 "tip_ge_8pct": 41,
 "fill_le_35": 28,
 "gone_by_8": 10,
 "static_max": 0.816,
 "ret_pre_ge_60": 43,
 "ret_pre_measured": 43,
 "ret_pre_ge_60_mean": 43,
 "ret_ab_ge_60": 15,
 "ret_ab_measured": 43,
 "ret_pre_min": 0.864,
 "ret_ab_min": 0.244,
 "n_streaks_min": 1,
 "n_streaks_max": 9,
 "len_share_min": -0.0986,
 "tip_share_min": 0.0697,
 "fill_max": 0.68,
 "area_pct_median": 6.988,
 "move_or_turn": 34,
 "move_or_turn_of": 34,
 "push_ge_05": 34,
 "turn_ge_30": 34,
 "tilt_ge_30": 25,
 "turn_min": 37.8,
 "push_min": 0.52
}
