{
 "contacts": 43,
 "hero_blows": 34,
 "flare_measured": 43,
 "has_noflare": false,
 "streaks_4_8": 7,
 "streaks_4_8_median": 19,
 "len_ge_8pct": 0,
 "tip_ge_8pct": 32,
 "fill_le_35": 42,
 "gone_by_8": 5,
 "static_max": 0.955,
 "ret_pre_ge_60": 43,
 "ret_pre_measured": 43,
 "ret_pre_ge_60_mean": 43,
 "ret_ab_ge_60": 0,
 "ret_ab_measured": 0,
 "ret_pre_min": 0.869,
 "ret_ab_min": null,
 "n_streaks_min": 1,
 "n_streaks_max": 13,
 "len_share_min": -0.1526,
 "tip_share_min": 0.0053,
 "fill_max": 0.64,
 "area_pct_median": 1.569,
 "move_or_turn": 34,
 "move_or_turn_of": 34,
 "push_ge_05": 34,
 "turn_ge_30": 34,
 "tilt_ge_30": 25,
 "turn_min": 37.8,
 "push_min": 0.52
}
